[INFO] Scanning for projects...
[INFO] 
[INFO] ------------------< org.example:fashion-store-system >------------------
[INFO] Building fashion-store-system 0.0.1-SNAPSHOT
[INFO]   from pom.xml
[INFO] --------------------------------[ jar ]---------------------------------
[INFO] 
[INFO] --- resources:3.3.1:resources (default-resources) @ fashion-store-system ---
[INFO] Copying 1 resource from src\main\resources to target\classes
[INFO] Copying 0 resource from src\main\resources to target\classes
[INFO] 
[INFO] --- compiler:3.14.1:compile (default-compile) @ fashion-store-system ---
[INFO] Nothing to compile - all classes are up to date.
[INFO] ------------------------------------------------------------------------
[INFO] BUILD SUCCESS
[INFO] ------------------------------------------------------------------------
[INFO] Total time:  1.448 s
[INFO] Finished at: 2026-03-23T09:16:35+07:00
[INFO] ------------------------------------------------------------------------
